arduino-cli : C:/Users/Tech3/AppData/Local/Arduino15/packages/esp32/tools/esp-x
32/2601/bin/../lib/gcc/xtensa-esp-elf/14.2.0/../../../../xtensa-esp-elf/bin/ld.
exe: warning: _floatdidf.o: missing .note.GNU-stack section implies executable 
stack
At line:1 char:1
+ arduino-cli compile --fqbn esp32:esp32:esp32s3 "fumhood.ino" > build_ ...
+ ~~~~~~~~~~~~~~~~~~~~~~~~~~~~~~~~~~~~~~~~~~~~~~~~~~~~~~~~~~~~~~~~~~~~~
    + CategoryInfo          : NotSpecified: (C:/Users/Tech3/...xecutable stack 
   :String) [], RemoteException
    + FullyQualifiedErrorId : NativeCommandError
 
C:/Users/Tech3/AppData/Local/Arduino15/packages/esp32/tools/esp-x32/2601/bin/..
/lib/gcc/xtensa-esp-elf/14.2.0/../../../../xtensa-esp-elf/bin/ld.exe: NOTE: 
This behaviour is deprecated and will be removed in a future version of the 
linker
Sketch uses 1859739 bytes (141%) of program storage space. Maximum is 1310720 bytes.
Global variables use 130740 bytes (39%) of dynamic memory, leaving 196940 bytes for local variables. Maximum is 327680 bytes.
Sketch too big; see https://support.arduino.cc/hc/en-us/articles/360013825179 
for tips on reducing it.

[92mUsed library[0m         [92mVersion[0m [90mPath[0m
[93mWire[0m                 3.3.8   [90mC:\Users\Tech3\AppData\Local\Arduino15\packages\esp32\hardware\esp32\3.3.8\libraries\Wire[0m
[93mRTClib[0m               2.1.4   [90mC:\Users\Tech3\OneDrive\เน€เธญเธเธชเธฒเธฃ\Arduino\libraries\RTClib[0m
[93mAdafruit BusIO[0m       1.17.4  [90mC:\Users\Tech3\OneDrive\เน€เธญเธเธชเธฒเธฃ\Arduino\libraries\Adafruit_BusIO[0m
[93mlvgl[0m                 9.5.0   [90mC:\Users\Tech3\OneDrive\เน€เธญเธเธชเธฒเธฃ\Arduino\libraries\lvgl[0m
[93mWiFi[0m                 3.3.8   [90mC:\Users\Tech3\AppData\Local\Arduino15\packages\esp32\hardware\esp32\3.3.8\libraries\WiFi[0m
[93mNetworking[0m           3.3.8   [90mC:\Users\Tech3\AppData\Local\Arduino15\packages\esp32\hardware\esp32\3.3.8\libraries\Network[0m
[93mWebServer[0m            3.3.8   [90mC:\Users\Tech3\AppData\Local\Arduino15\packages\esp32\hardware\esp32\3.3.8\libraries\WebServer[0m
[93mFS[0m                   3.3.8   [90mC:\Users\Tech3\AppData\Local\Arduino15\packages\esp32\hardware\esp32\3.3.8\libraries\FS[0m
[93mLovyanGFX[0m            1.2.20  [90mC:\Users\Tech3\OneDrive\เน€เธญเธเธชเธฒเธฃ\Arduino\libraries\LovyanGFX[0m
[93mPreferences[0m          3.3.8   [90mC:\Users\Tech3\AppData\Local\Arduino15\packages\esp32\hardware\esp32\3.3.8\libraries\Preferences[0m
[93mShiftRegister74HC595[0m 1.3.1   [90mC:\Users\Tech3\OneDrive\เน€เธญเธเธชเธฒเธฃ\Arduino\libraries\ShiftRegister74HC595[0m
[93mSPI[0m                  3.3.8   [90mC:\Users\Tech3\AppData\Local\Arduino15\packages\esp32\hardware\esp32\3.3.8\libraries\SPI[0m
[93mHash[0m                 3.3.8   [90mC:\Users\Tech3\AppData\Local\Arduino15\packages\esp32\hardware\esp32\3.3.8\libraries\Hash[0m

[92mUsed platform[0m [92mVersion[0m [90mPath[0m
[93mesp32:esp32[0m   3.3.8   [90mC:\Users\Tech3\AppData\Local\Arduino15\packages\esp32\hardware\esp32\3.3.8[0m
Error during build: text section exceeds available space in board
