arduino-cli : C:/Users/Tech3/AppData/Local/Arduino15/packages/esp32/tools/esp-x
32/2601/bin/../lib/gcc/xtensa-esp-elf/14.2.0/../../../../xtensa-esp-elf/bin/ld.
exe: warning: _floatdidf.o: missing .note.GNU-stack section implies executable 
stack
At line:1 char:1
+ arduino-cli compile --fqbn "esp32:esp32:esp32s3:PartitionScheme=huge_ ...
+ ~~~~~~~~~~~~~~~~~~~~~~~~~~~~~~~~~~~~~~~~~~~~~~~~~~~~~~~~~~~~~~~~~~~~~
    + CategoryInfo          : NotSpecified: (C:/Users/Tech3/...xecutable stack 
   :String) [], RemoteException
    + FullyQualifiedErrorId : NativeCommandError
 
C:/Users/Tech3/AppData/Local/Arduino15/packages/esp32/tools/esp-x32/2601/bin/..
/lib/gcc/xtensa-esp-elf/14.2.0/../../../../xtensa-esp-elf/bin/ld.exe: NOTE: 
This behaviour is deprecated and will be removed in a future version of the 
linker
Sketch uses 1994551 bytes (63%) of program storage space. Maximum is 3145728 bytes.
Global variables use 131436 bytes (40%) of dynamic memory, leaving 196244 bytes for local variables. Maximum is 327680 bytes.
